[0m23:24:09.077461 [debug] [MainThread]: Sending event: {'category': 'dbt', 'action': 'invocation', 'label': 'start', 'context': [<snowplow_tracker.self_describing_json.SelfDescribingJson object at 0x000001FC593515D0>, <snowplow_tracker.self_describing_json.SelfDescribingJson object at 0x000001FC582C4B50>, <snowplow_tracker.self_describing_json.SelfDescribingJson object at 0x000001FC59350810>]}


============================== 23:24:09.081471 | ccd36e19-baaa-4ddc-b910-e9bd26e411ba ==============================
[0m23:24:09.081471 [info ] [MainThread]: Running with dbt=1.12.5
[0m23:24:09.082472 [debug] [MainThread]: running dbt with arguments {'version_check': 'True', 'no_print': 'None', 'maximum_seed_size_mib': '1', 'target_path': 'None', 'warn_error_options': 'WarnErrorOptionsV2(error=[], warn=[], silence=[])', 'static_parser': 'True', 'printer_width': '80', 'write_json': 'True', 'empty': 'None', 'log_cache_events': 'False', 'introspect': 'True', 'cache_selected_only': 'False', 'fail_fast': 'False', 'debug': 'False', 'log_format': 'default', 'profiles_dir': 'C:\\Users\\johnp\\.dbt', 'send_anonymous_usage_stats': 'True', 'quiet': 'False', 'warn_error': 'None', 'partial_parse': 'True', 'invocation_command': 'dbt debug', 'hints_enabled': 'True', 'indirect_selection': 'eager', 'use_experimental_parser': 'False', 'use_colors': 'True', 'log_path': 'logs'}
[0m23:24:09.110186 [info ] [MainThread]: dbt version: 1.12.5
[0m23:24:09.111182 [info ] [MainThread]: python version: 3.11.4
[0m23:24:09.112185 [info ] [MainThread]: python path: C:\Users\johnp\Documents\Projetos\GCDADOS\Concilia-Vagas-V5-BASE-ORIGINAL-ADAPTADA\.venv\Scripts\python.exe
[0m23:24:09.113185 [info ] [MainThread]: os info: Windows-10-10.0.19045-SP0
[0m23:24:09.114187 [info ] [MainThread]: Using profiles dir at C:\Users\johnp\.dbt
[0m23:24:09.115186 [info ] [MainThread]: Using profiles.yml file at C:\Users\johnp\.dbt\profiles.yml
[0m23:24:09.116201 [info ] [MainThread]: Using dbt_project.yml file at C:\Users\johnp\Documents\Projetos\GCDADOS\Concilia-Vagas-V5-BASE-ORIGINAL-ADAPTADA\dbt_project.yml
[0m23:24:09.117186 [info ] [MainThread]: Configuration:
[0m23:24:09.117963 [info ] [MainThread]:   profiles.yml file [[31mERROR not found[0m]
[0m23:24:09.118694 [info ] [MainThread]:   dbt_project.yml file [[31mERROR not found[0m]
[0m23:24:09.119773 [info ] [MainThread]: Required dependencies:
[0m23:24:09.119773 [debug] [MainThread]: Executing "git --help"
[0m23:24:09.149633 [debug] [MainThread]: STDOUT: "b"usage: git [-v | --version] [-h | --help] [-C <path>] [-c <name>=<value>]\n           [--exec-path[=<path>]] [--html-path] [--man-path] [--info-path]\n           [-p | --paginate | -P | --no-pager] [--no-replace-objects] [--bare]\n           [--git-dir=<path>] [--work-tree=<path>] [--namespace=<name>]\n           [--config-env=<name>=<envvar>] <command> [<args>]\n\nThese are common Git commands used in various situations:\n\nstart a working area (see also: git help tutorial)\n   clone     Clone a repository into a new directory\n   init      Create an empty Git repository or reinitialize an existing one\n\nwork on the current change (see also: git help everyday)\n   add       Add file contents to the index\n   mv        Move or rename a file, a directory, or a symlink\n   restore   Restore working tree files\n   rm        Remove files from the working tree and from the index\n\nexamine the history and state (see also: git help revisions)\n   bisect    Use binary search to find the commit that introduced a bug\n   diff      Show changes between commits, commit and working tree, etc\n   grep      Print lines matching a pattern\n   log       Show commit logs\n   show      Show various types of objects\n   status    Show the working tree status\n\ngrow, mark and tweak your common history\n   branch    List, create, or delete branches\n   commit    Record changes to the repository\n   merge     Join two or more development histories together\n   rebase    Reapply commits on top of another base tip\n   reset     Reset current HEAD to the specified state\n   switch    Switch branches\n   tag       Create, list, delete or verify a tag object signed with GPG\n\ncollaborate (see also: git help workflows)\n   fetch     Download objects and refs from another repository\n   pull      Fetch from and integrate with another repository or a local branch\n   push      Update remote refs along with associated objects\n\n'git help -a' and 'git help -g' list available subcommands and some\nconcept guides. See 'git help <command>' or 'git help <concept>'\nto read about a specific subcommand or concept.\nSee 'git help git' for an overview of the system.\n""
[0m23:24:09.150695 [debug] [MainThread]: STDERR: "b''"
[0m23:24:09.150695 [info ] [MainThread]:  - git [[32mOK found[0m]

[0m23:24:09.152091 [info ] [MainThread]: Connection test skipped since no profile was found
[0m23:24:09.153690 [info ] [MainThread]: [31m2 checks failed:[0m
[0m23:24:09.154291 [info ] [MainThread]: dbt looked for a profiles.yml file in C:\Users\johnp\.dbt\profiles.yml, but did
not find one. For more information on configuring your profile, consult the
documentation:

https://docs.getdbt.com/docs/configure-your-profile


[0m23:24:09.155541 [info ] [MainThread]: Project loading failed for the following reason:
 project path <C:\Users\johnp\Documents\Projetos\GCDADOS\Concilia-Vagas-V5-BASE-ORIGINAL-ADAPTADA\dbt_project.yml> not found

[0m23:24:09.156544 [debug] [MainThread]: Command `dbt debug` failed at 23:24:09.156544 after 0.19 seconds
[0m23:24:09.157551 [debug] [MainThread]: Sending event: {'category': 'dbt', 'action': 'invocation', 'label': 'end', 'context': [<snowplow_tracker.self_describing_json.SelfDescribingJson object at 0x000001FC59344450>, <snowplow_tracker.self_describing_json.SelfDescribingJson object at 0x000001FC59351890>, <snowplow_tracker.self_describing_json.SelfDescribingJson object at 0x000001FC59353ED0>]}
[0m23:24:09.158541 [debug] [MainThread]: Flushing usage events
[0m23:24:09.766325 [debug] [MainThread]: An error was encountered while trying to flush usage events
[0m23:37:45.723440 [debug] [MainThread]: Sending event: {'category': 'dbt', 'action': 'invocation', 'label': 'start', 'context': [<snowplow_tracker.self_describing_json.SelfDescribingJson object at 0x0000026B36BAD890>, <snowplow_tracker.self_describing_json.SelfDescribingJson object at 0x0000026B3B53FD90>, <snowplow_tracker.self_describing_json.SelfDescribingJson object at 0x0000026B3B53F590>]}


============================== 23:37:45.729918 | dff862e9-7a76-4287-8d65-75d19bd50563 ==============================
[0m23:37:45.729918 [info ] [MainThread]: Running with dbt=1.12.5
[0m23:37:45.730940 [debug] [MainThread]: running dbt with arguments {'static_parser': 'True', 'no_print': 'None', 'maximum_seed_size_mib': '1', 'warn_error_options': 'WarnErrorOptionsV2(error=[], warn=[], silence=[])', 'version_check': 'True', 'target_path': 'None', 'printer_width': '80', 'write_json': 'True', 'empty': 'False', 'log_cache_events': 'False', 'introspect': 'True', 'cache_selected_only': 'False', 'fail_fast': 'False', 'debug': 'False', 'log_format': 'default', 'partial_parse': 'True', 'send_anonymous_usage_stats': 'True', 'quiet': 'False', 'warn_error': 'None', 'profiles_dir': 'dbt', 'invocation_command': 'dbt build --profiles-dir dbt', 'hints_enabled': 'True', 'use_colors': 'True', 'use_experimental_parser': 'False', 'indirect_selection': 'eager', 'log_path': 'logs'}
[0m23:37:45.731923 [error] [MainThread]: [[31mERROR[0m]: Encountered an error:
Runtime Error
  No dbt_project.yml found at expected path C:\Users\johnp\Documents\Projetos\GCDADOS\Concilia-Vagas-V5-BASE-ORIGINAL-ADAPTADA\dbt_project.yml
  Verify that each entry within packages.yml (and their transitive dependencies) contains a file named dbt_project.yml
  
[0m23:37:45.732917 [debug] [MainThread]: Command `python -m dbt.cli.main build` failed at 23:37:45.732917 after 0.15 seconds
[0m23:37:45.733916 [debug] [MainThread]: Sending event: {'category': 'dbt', 'action': 'invocation', 'label': 'end', 'context': [<snowplow_tracker.self_describing_json.SelfDescribingJson object at 0x0000026B3B452690>, <snowplow_tracker.self_describing_json.SelfDescribingJson object at 0x0000026B3B45DE90>, <snowplow_tracker.self_describing_json.SelfDescribingJson object at 0x0000026B3B45FFD0>]}
[0m23:37:45.733916 [debug] [MainThread]: Flushing usage events
[0m23:37:46.401886 [debug] [MainThread]: An error was encountered while trying to flush usage events
[0m23:38:47.322727 [debug] [MainThread]: Sending event: {'category': 'dbt', 'action': 'invocation', 'label': 'start', 'context': [<snowplow_tracker.self_describing_json.SelfDescribingJson object at 0x0000025C6FD1E550>, <snowplow_tracker.self_describing_json.SelfDescribingJson object at 0x0000025C6FBA0450>, <snowplow_tracker.self_describing_json.SelfDescribingJson object at 0x0000025C6FD1E250>]}


============================== 23:38:47.328064 | f63fe152-7fa4-46a5-84c9-00c0ec3e8a8d ==============================
[0m23:38:47.328064 [info ] [MainThread]: Running with dbt=1.12.5
[0m23:38:47.329581 [debug] [MainThread]: running dbt with arguments {'static_parser': 'True', 'no_print': 'None', 'maximum_seed_size_mib': '1', 'warn_error_options': 'WarnErrorOptionsV2(error=[], warn=[], silence=[])', 'version_check': 'True', 'target_path': 'None', 'printer_width': '80', 'write_json': 'True', 'empty': 'False', 'log_cache_events': 'False', 'introspect': 'True', 'cache_selected_only': 'False', 'log_format': 'default', 'debug': 'False', 'fail_fast': 'False', 'profiles_dir': 'dbt', 'send_anonymous_usage_stats': 'True', 'quiet': 'False', 'warn_error': 'None', 'partial_parse': 'True', 'indirect_selection': 'eager', 'hints_enabled': 'True', 'invocation_command': 'dbt build --profiles-dir dbt', 'use_experimental_parser': 'False', 'use_colors': 'True', 'log_path': 'logs'}
[0m23:38:47.330410 [error] [MainThread]: [[31mERROR[0m]: Encountered an error:
Runtime Error
  No dbt_project.yml found at expected path C:\Users\johnp\Documents\Projetos\GCDADOS\Concilia-Vagas-V5-BASE-ORIGINAL-ADAPTADA\dbt_project.yml
  Verify that each entry within packages.yml (and their transitive dependencies) contains a file named dbt_project.yml
  
[0m23:38:47.332936 [debug] [MainThread]: Command `python -m dbt.cli.main build` failed at 23:38:47.332936 after 0.15 seconds
[0m23:38:47.334449 [debug] [MainThread]: Sending event: {'category': 'dbt', 'action': 'invocation', 'label': 'end', 'context': [<snowplow_tracker.self_describing_json.SelfDescribingJson object at 0x0000025C6FBAC210>, <snowplow_tracker.self_describing_json.SelfDescribingJson object at 0x0000025C6FD11410>, <snowplow_tracker.self_describing_json.SelfDescribingJson object at 0x0000025C6FD11550>]}
[0m23:38:47.334940 [debug] [MainThread]: Flushing usage events
[0m23:38:47.987896 [debug] [MainThread]: An error was encountered while trying to flush usage events
[0m23:48:21.403505 [debug] [MainThread]: Sending event: {'category': 'dbt', 'action': 'invocation', 'label': 'start', 'context': [<snowplow_tracker.self_describing_json.SelfDescribingJson object at 0x000001BD0DC47750>, <snowplow_tracker.self_describing_json.SelfDescribingJson object at 0x000001BD12D95D50>, <snowplow_tracker.self_describing_json.SelfDescribingJson object at 0x000001BD12DC3CD0>]}


============================== 23:48:21.407508 | 90b0301c-6e00-461f-9245-8b94cb11e32d ==============================
[0m23:48:21.407508 [info ] [MainThread]: Running with dbt=1.12.5
[0m23:48:21.408505 [debug] [MainThread]: running dbt with arguments {'maximum_seed_size_mib': '1', 'no_print': 'None', 'version_check': 'True', 'warn_error_options': 'WarnErrorOptionsV2(error=[], warn=[], silence=[])', 'target_path': 'None', 'static_parser': 'True', 'printer_width': '80', 'write_json': 'True', 'empty': 'None', 'log_cache_events': 'False', 'introspect': 'True', 'cache_selected_only': 'False', 'log_format': 'default', 'debug': 'False', 'fail_fast': 'False', 'profiles_dir': '.', 'send_anonymous_usage_stats': 'True', 'quiet': 'False', 'warn_error': 'None', 'partial_parse': 'True', 'indirect_selection': 'eager', 'hints_enabled': 'True', 'invocation_command': 'dbt docs generate --profiles-dir .', 'use_experimental_parser': 'False', 'use_colors': 'True', 'log_path': 'logs'}
[0m23:48:21.408505 [error] [MainThread]: [[31mERROR[0m]: Encountered an error:
Runtime Error
  No dbt_project.yml found at expected path C:\Users\johnp\Documents\Projetos\GCDADOS\Concilia-Vagas-V5-BASE-ORIGINAL-ADAPTADA\dbt_project.yml
  Verify that each entry within packages.yml (and their transitive dependencies) contains a file named dbt_project.yml
  
[0m23:48:21.410511 [debug] [MainThread]: Command `python -m dbt.cli.main docs generate` failed at 23:48:21.410511 after 0.12 seconds
[0m23:48:21.410511 [debug] [MainThread]: Sending event: {'category': 'dbt', 'action': 'invocation', 'label': 'end', 'context': [<snowplow_tracker.self_describing_json.SelfDescribingJson object at 0x000001BD12CFE510>, <snowplow_tracker.self_describing_json.SelfDescribingJson object at 0x000001BD12CFFD90>, <snowplow_tracker.self_describing_json.SelfDescribingJson object at 0x000001BD12CFF990>]}
[0m23:48:21.411583 [debug] [MainThread]: Flushing usage events
[0m23:48:21.986986 [debug] [MainThread]: An error was encountered while trying to flush usage events
[0m10:22:45.425728 [debug] [MainThread]: Sending event: {'category': 'dbt', 'action': 'invocation', 'label': 'start', 'context': [<snowplow_tracker.self_describing_json.SelfDescribingJson object at 0x00000170A5412900>, <snowplow_tracker.self_describing_json.SelfDescribingJson object at 0x00000170A2FF0410>, <snowplow_tracker.self_describing_json.SelfDescribingJson object at 0x00000170A7EE3890>]}


============================== 10:22:45.431120 | 1eff699c-87d5-4f8e-b9bc-3003b8eb1d78 ==============================
[0m10:22:45.431120 [info ] [MainThread]: Running with dbt=1.12.5
[0m10:22:45.431960 [debug] [MainThread]: running dbt with arguments {'static_parser': 'True', 'no_print': 'None', 'version_check': 'True', 'target_path': 'None', 'maximum_seed_size_mib': '1', 'warn_error_options': 'WarnErrorOptionsV2(error=[], warn=[], silence=[])', 'printer_width': '80', 'write_json': 'True', 'empty': 'None', 'log_cache_events': 'False', 'introspect': 'True', 'cache_selected_only': 'False', 'log_format': 'default', 'debug': 'False', 'fail_fast': 'False', 'partial_parse': 'True', 'send_anonymous_usage_stats': 'True', 'quiet': 'False', 'warn_error': 'None', 'profiles_dir': '.', 'indirect_selection': 'eager', 'hints_enabled': 'True', 'invocation_command': 'dbt docs generate --profiles-dir .', 'use_experimental_parser': 'False', 'use_colors': 'True', 'log_path': 'logs'}
[0m10:22:45.432480 [error] [MainThread]: [[31mERROR[0m]: Encountered an error:
Runtime Error
  No dbt_project.yml found at expected path C:\Users\johnp\Documents\Projetos\GCDADOS\Concilia-Vagas-V5-BASE-ORIGINAL-ADAPTADA\dbt_project.yml
  Verify that each entry within packages.yml (and their transitive dependencies) contains a file named dbt_project.yml
  
[0m10:22:45.433535 [debug] [MainThread]: Command `python -m dbt.cli.main docs generate` failed at 10:22:45.433440 after 0.19 seconds
[0m10:22:45.433808 [debug] [MainThread]: Sending event: {'category': 'dbt', 'action': 'invocation', 'label': 'end', 'context': [<snowplow_tracker.self_describing_json.SelfDescribingJson object at 0x00000170A7E58FC0>, <snowplow_tracker.self_describing_json.SelfDescribingJson object at 0x00000170A7E9DD90>, <snowplow_tracker.self_describing_json.SelfDescribingJson object at 0x00000170A7F0A7A0>]}
[0m10:22:45.434074 [debug] [MainThread]: Flushing usage events
[0m10:22:46.213542 [debug] [MainThread]: An error was encountered while trying to flush usage events
[0m11:00:12.461875 [debug] [MainThread]: Sending event: {'category': 'dbt', 'action': 'invocation', 'label': 'start', 'context': [<snowplow_tracker.self_describing_json.SelfDescribingJson object at 0x000001F6B9E42900>, <snowplow_tracker.self_describing_json.SelfDescribingJson object at 0x000001F6B7A14410>, <snowplow_tracker.self_describing_json.SelfDescribingJson object at 0x000001F6BC8AB890>]}


============================== 11:00:12.467017 | 59bb01da-6a0a-486a-b9f5-3ca7dd54819f ==============================
[0m11:00:12.467017 [info ] [MainThread]: Running with dbt=1.12.5
[0m11:00:12.468165 [debug] [MainThread]: running dbt with arguments {'version_check': 'True', 'no_print': 'None', 'static_parser': 'True', 'warn_error_options': 'WarnErrorOptionsV2(error=[], warn=[], silence=[])', 'maximum_seed_size_mib': '1', 'target_path': 'None', 'printer_width': '80', 'write_json': 'True', 'empty': 'None', 'log_cache_events': 'False', 'introspect': 'True', 'cache_selected_only': 'False', 'fail_fast': 'False', 'debug': 'False', 'log_format': 'default', 'partial_parse': 'True', 'send_anonymous_usage_stats': 'True', 'quiet': 'False', 'warn_error': 'None', 'profiles_dir': '.', 'use_colors': 'True', 'hints_enabled': 'True', 'invocation_command': 'dbt docs serve --profiles-dir .', 'use_experimental_parser': 'False', 'indirect_selection': 'eager', 'log_path': 'logs'}
[0m11:00:12.469202 [error] [MainThread]: [[31mERROR[0m]: Encountered an error:
Runtime Error
  No dbt_project.yml found at expected path C:\Users\johnp\Documents\Projetos\GCDADOS\Concilia-Vagas-V5-BASE-ORIGINAL-ADAPTADA\dbt_project.yml
  Verify that each entry within packages.yml (and their transitive dependencies) contains a file named dbt_project.yml
  
[0m11:00:12.470922 [debug] [MainThread]: Command `python -m dbt.cli.main docs serve` failed at 11:00:12.470687 after 0.25 seconds
[0m11:00:12.471362 [debug] [MainThread]: Sending event: {'category': 'dbt', 'action': 'invocation', 'label': 'end', 'context': [<snowplow_tracker.self_describing_json.SelfDescribingJson object at 0x000001F6BC5C3360>, <snowplow_tracker.self_describing_json.SelfDescribingJson object at 0x000001F6BC7420F0>, <snowplow_tracker.self_describing_json.SelfDescribingJson object at 0x000001F6BC8ECE20>]}
[0m11:00:12.471863 [debug] [MainThread]: Flushing usage events
[0m11:00:13.281774 [debug] [MainThread]: An error was encountered while trying to flush usage events
